2026-07-04 19:10:00,401 | INFO | db_connection | Initializing database connection engine pool...
2026-07-04 19:12:38,700 | INFO | db_connection | Initializing database connection engine pool...
2026-07-04 19:12:43,238 | CRITICAL | db_connection | Failed to initialize database engine pool: (pymysql.err.OperationalError) (2003, "Can't connect to MySQL server on 'localhost' ([WinError 10061] No connection could be made because the target machine actively refused it)")
(Background on this error at: https://sqlalche.me/e/20/e3q8)
2026-07-04 19:15:44,604 | INFO | db_connection | Initializing database connection engine pool...
2026-07-04 19:17:08,984 | INFO | db_connection | Initializing database connection engine pool...
2026-07-04 19:17:09,358 | CRITICAL | db_connection | Failed to initialize database engine pool: (pymysql.err.OperationalError) (1045, "Access denied for user 'root'@'localhost' (using password: YES)")
(Background on this error at: https://sqlalche.me/e/20/e3q8)
2026-07-04 19:18:59,643 | INFO | db_connection | Initializing database connection engine pool...
2026-07-04 19:19:00,000 | CRITICAL | db_connection | Failed to initialize database engine pool: (pymysql.err.OperationalError) (1049, "Unknown database 'medallion_db'")
(Background on this error at: https://sqlalche.me/e/20/e3q8)
2026-07-04 19:22:39,327 | INFO | db_connection | Initializing database connection engine pool...
2026-07-04 19:22:39,757 | CRITICAL | db_connection | Failed to initialize database engine pool: Not an executable object: 'SELECT 1'
2026-07-04 19:24:43,936 | CRITICAL | db_connection | Failed to initialize database engine pool: (pymysql.err.OperationalError) (1045, "Access denied for user 'root'@'localhost' (using password: YES)")
(Background on this error at: https://sqlalche.me/e/20/e3q8)
2026-07-04 19:25:19,688 | CRITICAL | db_connection | Failed to initialize database engine pool: (pymysql.err.OperationalError) (1049, "Unknown database 'medallion_db'")
(Background on this error at: https://sqlalche.me/e/20/e3q8)
2026-07-04 19:38:44,438 | INFO | db_connection | Initializing database connection engine pool...
2026-07-04 19:38:44,848 | INFO | db_connection | Database connection engine pool verified successfully.
2026-07-04 19:42:32,884 | INFO | db_connection | Initializing database connection engine pool...
2026-07-04 19:42:33,180 | INFO | db_connection | Database connection engine pool verified successfully.
2026-07-04 19:45:16,496 | INFO | db_connection | Initializing database connection engine pool...
2026-07-04 19:45:16,883 | INFO | db_connection | Database connection engine pool verified successfully.
2026-07-04 19:47:46,631 | INFO | db_connection | Initializing database connection engine pool...
2026-07-04 19:47:46,897 | INFO | db_connection | Database connection engine pool verified successfully.
2026-07-05 11:15:55,449 | INFO | db_connection | Initializing database connection engine pool...
2026-07-05 11:15:56,879 | INFO | db_connection | Database connection engine pool verified successfully.
2026-07-05 11:39:49,266 | INFO | db_connection | Initializing database connection engine pool...
2026-07-05 11:39:50,233 | INFO | db_connection | Database connection engine pool verified successfully.
2026-07-05 11:43:08,291 | INFO | db_connection | Initializing database connection engine pool...
2026-07-05 11:43:09,044 | INFO | db_connection | Database connection engine pool verified successfully.
2026-07-05 11:50:39,406 | INFO | db_connection | Initializing database connection engine pool...
2026-07-05 11:50:39,755 | INFO | db_connection | Database connection engine pool verified successfully.
