2026-07-04 19:07:21,789 | ERROR | infrastructure_setup | Initialization aborted. Database design SQL schema file not found at: C:\Desktop\Apache_Airflow_Data_cleaning_Pipeline\database_design.sql
2026-07-04 19:09:31,573 | ERROR | infrastructure_setup | Initialization aborted. Database design SQL schema file not found at: C:\Desktop\Apache_Airflow_Data_cleaning_Pipeline\database_design.sql
2026-07-04 19:10:00,398 | INFO | infrastructure_setup | Targeting infrastructure DDL file deployment source: C:\Desktop\Apache_Airflow_Data_cleaning_Pipeline\db\database_design.sql
2026-07-04 19:10:00,828 | CRITICAL | infrastructure_setup | DDL Infrastructure deployment crashed: No module named 'psycopg2'
2026-07-04 19:12:38,697 | INFO | infrastructure_setup | Targeting infrastructure DDL file deployment source: C:\Desktop\Apache_Airflow_Data_cleaning_Pipeline\db\database_design.sql
2026-07-04 19:12:43,240 | CRITICAL | infrastructure_setup | DDL Infrastructure deployment crashed: (pymysql.err.OperationalError) (2003, "Can't connect to MySQL server on 'localhost' ([WinError 10061] No connection could be made because the target machine actively refused it)")
(Background on this error at: https://sqlalche.me/e/20/e3q8)
2026-07-04 19:15:44,602 | INFO | infrastructure_setup | Targeting infrastructure DDL file deployment source: C:\Desktop\Apache_Airflow_Data_cleaning_Pipeline\db\database_design.sql
2026-07-04 19:15:44,821 | CRITICAL | infrastructure_setup | DDL Infrastructure deployment crashed: 'cryptography' package is required for sha256_password or caching_sha2_password auth methods
2026-07-04 19:17:08,982 | INFO | infrastructure_setup | Targeting infrastructure DDL file deployment source: C:\Desktop\Apache_Airflow_Data_cleaning_Pipeline\db\database_design.sql
2026-07-04 19:17:09,359 | CRITICAL | infrastructure_setup | DDL Infrastructure deployment crashed: (pymysql.err.OperationalError) (1045, "Access denied for user 'root'@'localhost' (using password: YES)")
(Background on this error at: https://sqlalche.me/e/20/e3q8)
2026-07-04 19:18:59,641 | INFO | infrastructure_setup | Targeting infrastructure DDL file deployment source: C:\Desktop\Apache_Airflow_Data_cleaning_Pipeline\db\database_design.sql
2026-07-04 19:19:00,001 | CRITICAL | infrastructure_setup | DDL Infrastructure deployment crashed: (pymysql.err.OperationalError) (1049, "Unknown database 'medallion_db'")
(Background on this error at: https://sqlalche.me/e/20/e3q8)
2026-07-04 19:22:39,325 | INFO | infrastructure_setup | Targeting infrastructure DDL file deployment source: C:\Desktop\Apache_Airflow_Data_cleaning_Pipeline\db\database_design.sql
2026-07-04 19:22:39,758 | CRITICAL | infrastructure_setup | DDL Infrastructure deployment crashed: Not an executable object: 'SELECT 1'
2026-07-04 19:24:43,445 | INFO | infrastructure_setup | Targeting infrastructure DDL file deployment source: C:\Desktop\Apache_Airflow_Data_cleaning_Pipeline\db\database_design.sql
2026-07-04 19:24:43,937 | CRITICAL | infrastructure_setup | DDL Infrastructure deployment crashed: (pymysql.err.OperationalError) (1045, "Access denied for user 'root'@'localhost' (using password: YES)")
(Background on this error at: https://sqlalche.me/e/20/e3q8)
2026-07-04 19:25:19,492 | INFO | infrastructure_setup | Targeting infrastructure DDL file deployment source: C:\Desktop\Apache_Airflow_Data_cleaning_Pipeline\db\database_design.sql
2026-07-04 19:25:19,689 | CRITICAL | infrastructure_setup | DDL Infrastructure deployment crashed: (pymysql.err.OperationalError) (1049, "Unknown database 'medallion_db'")
(Background on this error at: https://sqlalche.me/e/20/e3q8)
2026-07-04 19:32:31,310 | INFO | infrastructure_setup | Checking if database container 'medallion_db' exists on server...
2026-07-04 19:32:31,431 | INFO | infrastructure_setup | Targeting infrastructure DDL file deployment source: C:\Desktop\Apache_Airflow_Data_cleaning_Pipeline\db\database_design.sql
2026-07-04 19:32:31,433 | INFO | infrastructure_setup | Executing DDL scripts to build table architectures...
2026-07-04 19:32:31,474 | CRITICAL | infrastructure_setup | DDL Infrastructure deployment crashed: (pymysql.err.ProgrammingError) (1064, "You have an error in your SQL syntax; check the manual that corresponds to your MySQL server version for the right syntax to use near '-------------------------------------------------------------------------------\n' at line 1")
[SQL: -------------------------------------------------------------------------------
-- 1. BRONZE LAYER (raw_bronze)
-- Purpose: Schema-less/Loose-typing landing area. Captures raw CSV state exactly 
-- as received, prior to executing parsing scripts.
-------------------------------------------------------------------------------

DROP TABLE IF EXISTS raw_bronze.orders_landing CASCADE]
(Background on this error at: https://sqlalche.me/e/20/f405)
2026-07-04 19:33:51,414 | INFO | infrastructure_setup | Checking if database container 'medallion_db' exists on server...
2026-07-04 19:33:51,480 | INFO | infrastructure_setup | Targeting infrastructure DDL file deployment source: C:\Desktop\Apache_Airflow_Data_cleaning_Pipeline\db\database_design.sql
2026-07-04 19:33:51,481 | INFO | infrastructure_setup | Executing DDL scripts to build table architectures...
2026-07-04 19:33:51,759 | INFO | infrastructure_setup | Infrastructure status = SUCCESS. Database schemas, tables, and constraints fully initialized.
