2026-07-04 19:38:44,850 | INFO | ingestion_engine | action=discover_files | files_found=0
2026-07-04 19:42:33,183 | INFO | ingestion_engine | --- Launching Ingestion Lifecycle Loop for file: dirty_dataset.csv ---
2026-07-04 19:42:33,211 | ERROR | ingestion_engine | validation=failed | status=quarantine | reason=extra_columns | expected=15 | found=16 | extra=['status', 'discount_pct']
2026-07-04 19:42:33,212 | ERROR | ingestion_engine | File structural validation rejected: dirty_dataset.csv. Reason: more_columns
2026-07-04 19:45:16,885 | INFO | ingestion_engine | action=discover_files | files_found=1
2026-07-04 19:45:16,888 | INFO | ingestion_engine | --- Launching Ingestion Lifecycle Loop for file: dirty_dataset.csv ---
2026-07-04 19:45:16,942 | WARNING | ingestion_engine | Extra columns detected: ['discount_pct', 'status']. Truncating dataset down to expected core layout schema.
2026-07-04 19:45:18,271 | INFO | ingestion_engine | Successfully archived raw dump records to raw_bronze.orders_landing for file: dirty_dataset.csv
2026-07-04 19:47:46,899 | INFO | ingestion_engine | action=discover_files | files_found=1
2026-07-04 19:47:46,902 | INFO | ingestion_engine | --- Launching Ingestion Lifecycle Loop for file: dirty_dataset.csv ---
2026-07-04 19:47:46,933 | WARNING | ingestion_engine | Extra columns detected: ['status']. Truncating dataset down to expected core layout schema.
2026-07-04 19:47:47,144 | INFO | ingestion_engine | Successfully archived raw dump records to raw_bronze.orders_landing for file: dirty_dataset.csv
2026-07-05 11:15:56,883 | INFO | ingestion_engine | action=discover_files | files_found=1
2026-07-05 11:15:56,886 | INFO | ingestion_engine | --- Launching Ingestion Lifecycle Loop for file: dirty_dataset.csv ---
2026-07-05 11:15:57,122 | WARNING | ingestion_engine | Extra columns detected: ['status']. Truncating dataset down to expected core layout schema.
2026-07-05 11:15:57,673 | INFO | ingestion_engine | Successfully archived raw dump records to raw_bronze.orders_landing for file: dirty_dataset.csv
2026-07-05 11:39:50,238 | INFO | ingestion_engine | action=discover_files | files_found=1
2026-07-05 11:39:50,243 | INFO | ingestion_engine | --- Launching Ingestion Lifecycle Loop for file: dirty_dataset.csv ---
2026-07-05 11:39:50,369 | WARNING | ingestion_engine | Extra columns detected: ['status']. Truncating dataset down to expected core layout schema.
2026-07-05 11:39:50,792 | INFO | ingestion_engine | Successfully archived raw dump records to raw_bronze.orders_landing for file: dirty_dataset.csv
2026-07-05 11:43:09,046 | INFO | ingestion_engine | action=discover_files | files_found=1
2026-07-05 11:43:09,048 | INFO | ingestion_engine | --- Launching Ingestion Lifecycle Loop for file: dirty_dataset.csv ---
2026-07-05 11:43:09,228 | WARNING | ingestion_engine | Extra columns detected: ['status']. Truncating dataset down to expected core layout schema.
2026-07-05 11:43:09,625 | INFO | ingestion_engine | Successfully archived raw dump records to raw_bronze.orders_landing for file: dirty_dataset.csv
2026-07-05 11:50:39,758 | INFO | ingestion_engine | action=discover_files | files_found=1
2026-07-05 11:50:39,760 | INFO | ingestion_engine | --- Launching Ingestion Lifecycle Loop for file: dirty_dataset.csv ---
2026-07-05 11:50:39,805 | WARNING | ingestion_engine | Extra columns detected: ['status']. Truncating dataset down to expected core layout schema.
2026-07-05 11:50:40,212 | INFO | ingestion_engine | Successfully archived raw dump records to raw_bronze.orders_landing for file: dirty_dataset.csv
